2025-05-02T12:10:08.22444 - ErrorLogEntry(timestamp=1746177008213, userId=null, deviceModel=null, event=Error checking connection to ClickHouse Service, level=ERROR, errorMessage=Connection refused, stackTrace=java.net.ConnectException: Connection refused
	at java.base/sun.nio.ch.Net.pollConnect(Native Method)
	at java.base/sun.nio.ch.Net.pollConnectNow(Net.java:672)
	at java.base/sun.nio.ch.SocketChannelImpl.finishConnect(SocketChannelImpl.java:946)
	at io.ktor.network.sockets.SocketImpl.connect$ktor_network(SocketImpl.kt:50)
	at io.ktor.network.sockets.SocketImpl$connect$1.invokeSuspend(SocketImpl.kt)
	at kotlin.coroutines.jvm.internal.BaseContinuationImpl.resumeWith(ContinuationImpl.kt:33)
	at kotlinx.coroutines.DispatchedTask.run(DispatchedTask.kt:108)
	at kotlinx.coroutines.internal.LimitedDispatcher$Worker.run(LimitedDispatcher.kt:115)
	at kotlinx.coroutines.scheduling.TaskImpl.run(Tasks.kt:103)
	at kotlinx.coroutines.scheduling.CoroutineScheduler.runSafely(CoroutineScheduler.kt:584)
	at kotlinx.coroutines.scheduling.CoroutineScheduler$Worker.executeTask(CoroutineScheduler.kt:793)
	at kotlinx.coroutines.scheduling.CoroutineScheduler$Worker.runWorker(CoroutineScheduler.kt:697)
	at kotlinx.coroutines.scheduling.CoroutineScheduler$Worker.run(CoroutineScheduler.kt:684)
, previousActivities=[])
2025-05-02T16:58:49.433915 - ErrorLogEntry(timestamp=1746194329422, userId=null, deviceModel=null, event=Error checking connection to ClickHouse Service, level=ERROR, errorMessage=Connection refused, stackTrace=java.net.ConnectException: Connection refused
	at java.base/sun.nio.ch.Net.pollConnect(Native Method)
	at java.base/sun.nio.ch.Net.pollConnectNow(Net.java:672)
	at java.base/sun.nio.ch.SocketChannelImpl.finishConnect(SocketChannelImpl.java:946)
	at io.ktor.network.sockets.SocketImpl.connect$ktor_network(SocketImpl.kt:50)
	at io.ktor.network.sockets.SocketImpl$connect$1.invokeSuspend(SocketImpl.kt)
	at kotlin.coroutines.jvm.internal.BaseContinuationImpl.resumeWith(ContinuationImpl.kt:33)
	at kotlinx.coroutines.DispatchedTask.run(DispatchedTask.kt:108)
	at kotlinx.coroutines.internal.LimitedDispatcher$Worker.run(LimitedDispatcher.kt:115)
	at kotlinx.coroutines.scheduling.TaskImpl.run(Tasks.kt:103)
	at kotlinx.coroutines.scheduling.CoroutineScheduler.runSafely(CoroutineScheduler.kt:584)
	at kotlinx.coroutines.scheduling.CoroutineScheduler$Worker.executeTask(CoroutineScheduler.kt:793)
	at kotlinx.coroutines.scheduling.CoroutineScheduler$Worker.runWorker(CoroutineScheduler.kt:697)
	at kotlinx.coroutines.scheduling.CoroutineScheduler$Worker.run(CoroutineScheduler.kt:684)
, previousActivities=[])
2025-05-02T18:42:13.338489 - ErrorLogEntry(timestamp=1746200533302, userId=null, deviceModel=null, event=Ошибка при обработке запроса: GET /notebook/notes (повторений: 1), level=ERROR, errorMessage=Connection refused, stackTrace=java.net.ConnectException: Connection refused
	at java.base/sun.nio.ch.Net.pollConnect(Native Method)
	at java.base/sun.nio.ch.Net.pollConnectNow(Net.java:672)
	at java.base/sun.nio.ch.SocketChannelImpl.finishConnect(SocketChannelImpl.java:946)
	at io.ktor.network.sockets.SocketImpl.connect$ktor_network(SocketImpl.kt:50)
	at io.ktor.network.sockets.SocketImpl$connect$1.invokeSuspend(SocketImpl.kt)
	at kotlin.coroutines.jvm.internal.BaseContinuationImpl.resumeWith(ContinuationImpl.kt:33)
	at kotlinx.coroutines.DispatchedTask.run(DispatchedTask.kt:106)
	at kotlinx.coroutines.internal.LimitedDispatcher.run(LimitedDispatcher.kt:42)
	at kotlinx.coroutines.scheduling.TaskImpl.run(Tasks.kt:95)
	at kotlinx.coroutines.scheduling.CoroutineScheduler.runSafely(CoroutineScheduler.kt:570)
	at kotlinx.coroutines.scheduling.CoroutineScheduler$Worker.executeTask(CoroutineScheduler.kt:750)
	at kotlinx.coroutines.scheduling.CoroutineScheduler$Worker.runWorker(CoroutineScheduler.kt:677)
	at kotlinx.coroutines.scheduling.CoroutineScheduler$Worker.run(CoroutineScheduler.kt:664)
, previousActivities=[ActivityLogEntry(timestamp=1746200494225, userId=null, deviceModel=null, event=Application starting, level=INFO, additionalData={port=8001, redisHost=localhost}), ActivityLogEntry(timestamp=1746200494564, userId=null, deviceModel=null, event=Application started successfully, level=INFO, additionalData={port=8001}), ActivityLogEntry(timestamp=1746200533041, userId=null, deviceModel=null, event=Запрос начат: GET /notebook/notes, level=INFO, additionalData={requestId=dd377c72-c162-46e6-bf96-b15e80997a51, userAgent=Mozilla/5.0 (Macintosh; Intel Mac OS X 10_15_7) AppleWebKit/605.1.15 (KHTML, like Gecko) Version/18.3 Safari/605.1.15}), ActivityLogEntry(timestamp=1746200533065, userId=user123, deviceModel=null, event=List notes request, level=INFO, additionalData={page=1, pageSize=10})])
